// Jest Snapshot v1, https://goo.gl/fbAQLP

exports[`Day 11 Part 1 challenge part 2 1`] = `
Array [
  "            ##                                                                                                                                                                                                                       ",
  "           # ## #                                                                                                                                                                                                                    ",
  "          ##  #                 ##                                                                                                                                                                                                   ",
  " ##          ##                # ## #                                                                                                                                                                                                ",
  " ####   ### #                 ##  #                 ##                                                                                                                                                                               ",
  "#  # #  ##           ##          ##                # ## #                                                                                                                                                                            ",
  "  #    ## #          ####   ### #                 ##  #                 ##                                                                                                                                                           ",
  " # ## #####         #  # #  ##           ##          ##                # ## #                                                                                                                                                        ",
  "     #  ###    #      #### ## #          ####   ### #                 ##  #                 ##                                                                                                                                       ",
  " ###  #####  # ####  # ########         #  # #  ##           ##          ##                # ## #                                                                                                                                    ",
  " ### # #  ###  # ## ### ##  ###    #      #### ## #          ####   ### #                 ##  #                 ##                                                                                                                   ",
  " # ##    ##  ##       ##  #####  # ####  # ########         #  # #  ##           ##          ##                # ## #                                                                                                                ",
  " ###  #             # ## # #  ###  # ## ### ##  ###    #      #### ## #          ####   ### #                 ##  #                 ##                                                                                               ",
  "   #   # #    ###    # ##    ##  ##       ##  #####  # ####  # ########         #  # #  ##           ##          ##                # ## #                                                                                            ",
  "    #  # ##  ####  #####  #             # ## # #  ###  # ## ### ##  ###    #      #### ## #          ####   ### #                 ##  #                 ##                                                                           ",
  "    ####   ### # ### # #   # #    ###    # ##    ##  ##       ##  #####  # ####  # ########         #  # #  ##           ##          ##                # ## #                                                                        ",
  "                #  ##   #  # ##  ####  #####  #             # ## # #  ###  # ## ### ##  ###    #      #### ## #          ####   ### #                 ##  #                 ##                                                       ",
  "                        ####   ### # ### # #   # #    ###    # ##    ##  ##       ##  #####  # ####  # ########         #  # #  ##           ##          ##                # ## #                                                    ",
  "                                    #  ##   #  # ##  ####  #####  #             # ## # #  ###  # ## ### ##  ###    #      #### ## #          ####   ### #                 ##  #                 ##                                   ",
  "                                            ####   ### # ### # #   # #    ###    # ##    ##  ##       ##  #####  # ####  # ########         #  # #  ##           ##          ##                # ## #                                ",
  "                                                        #  ##   #  # ##  ####  #####  #             # ## # #  ###  # ## ### ##  ###    #      #### ## #          ####   ### #                 ##  #                 ##               ",
  "                                                                ####   ### # ### # #   # #    ###    # ##    ##  ##       ##  #####  # ####  # ########         #  # #  ##           ##          ##                # ## #            ",
  "                                                                            #  ##   #  # ##  ####  #####  #             # ## # #  ###  # ## ### ##  ###    #      #### ## #          ####   ### #                 ##  #              ",
  "                                                                                    ####   ### # ### # #   # #    ###    # ##    ##  ##       ##  #####  # ####  # ########         #  # #  ##           ##          ##              ",
  "                                                                                                #  ##   #  # ##  ####  #####  #             # ## # #  ###  # ## ### ##  ###    #      #### ## #          ####   ### #                ",
  "                                                                                                        ####   ### # ### # #   # #    ###    # ##    ##  ##       ##  #####  # ####  # ########         #  # #  ##                   ",
  "                                                                                                                    #  ##   #  # ##  ####  #####  #             # ## # #  ###  # ## ### ##  ###    #      #### ## #                  ",
  "                                                                                                                            ####   ### # ### # #   # #    ###    # ##    ##  ##       ##  #####  # ####  # ########                  ",
  "                                                                                                                                        #  ##   #  # ##  ####  #####  #             # ## # #  ###  # ## ### ##  ###    #             ",
  "                                                                                                                                                ####   ### # ### # #   # #    ###    # ##    ##  ##       ##  #####  # ####          ",
  "                                                                                                                                                            #  ##   #  # ##  ####  #####  #             # ## # #  ###  # ##          ",
  "                                                                                                                                                                    ####   ### # ### # #   # #    ###    # ##    ##  ##              ",
  "                                                                                                                                                                                #  ##   #  # ##  ####  #####  #                      ",
  "                                                                                                                                                                                        ####   ### # ### # #   # #    ###    # ##    ",
  "                                                                                                                                                                                                    #  ##   #  # ##  ####  #   ###   ",
  "                                                                                                                                                                                                            ####   ### # ###### ##   ",
  "                                                                                                                                                                                                                        #   # # # #  ",
  "                                                                                                                                                                                                                           # ### # ##",
  "                                                                                                                                                                                                                          # ###  #  #",
  "                                                                                                                                                                                                                          ## # ## ###",
  "                                                                                                                                                                                                                           # # # ####",
  "                                                                                                                                                                                  #  #  ### #### #  #  ##  #  #  ##  #####  ##     # ",
  "                                                                                                                                                                                  #  # #  # #    #  # #  # #  # #  # #   # ##   #    ",
  "                                                                                                                                                                                  #  # # ## #    #  #    # #  # #  #  #  ### #   #   ",
  "                                                                                                                                                                                  #### #    ###  ####    # #### #  #   #   #  #      ",
  "                                                                                                                                                                                  #  # #  # #    #  #    # #  # #  #    # #          ",
  "                                                                                                                                                                                  #  #  ##  #### #  #   ## #  # #  # ####            ",
]
`;
